[2025-11-10T07:49:15.969+0000][gc,init] CardTable entry size: 512
[2025-11-10T07:49:15.969+0000][gc     ] Using G1
[2025-11-10T07:49:15.974+0000][gc,init] Version: 21.0.8+9-Ubuntu-0ubuntu124.04.1 (release)
[2025-11-10T07:49:15.974+0000][gc,init] CPUs: 4 total, 4 available
[2025-11-10T07:49:15.974+0000][gc,init] Memory: 16017M
[2025-11-10T07:49:15.974+0000][gc,init] Large Page Support: Disabled
[2025-11-10T07:49:15.974+0000][gc,init] NUMA Support: Disabled
[2025-11-10T07:49:15.974+0000][gc,init] Compressed Oops: Enabled (32-bit)
[2025-11-10T07:49:15.974+0000][gc,init] Heap Region Size: 1M
[2025-11-10T07:49:15.974+0000][gc,init] Heap Min Capacity: 1G
[2025-11-10T07:49:15.974+0000][gc,init] Heap Initial Capacity: 1G
[2025-11-10T07:49:15.974+0000][gc,init] Heap Max Capacity: 1G
[2025-11-10T07:49:15.974+0000][gc,init] Pre-touch: Disabled
[2025-11-10T07:49:15.974+0000][gc,init] Parallel Workers: 4
[2025-11-10T07:49:15.974+0000][gc,init] Concurrent Workers: 1
[2025-11-10T07:49:15.974+0000][gc,init] Concurrent Refinement Workers: 4
[2025-11-10T07:49:15.974+0000][gc,init] Periodic GC: Disabled
[2025-11-10T07:49:15.979+0000][gc,metaspace] CDS archive(s) mapped at: [0x00007f4ec3000000-0x00007f4ec3ca0000-0x00007f4ec3ca0000), size 13238272, SharedBaseAddress: 0x00007f4ec3000000, ArchiveRelocationMode: 1.
[2025-11-10T07:49:15.979+0000][gc,metaspace] Compressed class space mapped at: 0x00007f4ec4000000-0x00007f4f04000000, reserved size: 1073741824
[2025-11-10T07:49:15.979+0000][gc,metaspace] Narrow klass base: 0x00007f4ec3000000, Narrow klass shift: 0, Narrow klass range: 0x100000000
[2025-11-10T07:49:16.548+0000][gc,start    ] GC(0) Pause Young (Normal) (G1 Evacuation Pause)
[2025-11-10T07:49:16.549+0000][gc,task     ] GC(0) Using 4 workers of 4 for evacuation
[2025-11-10T07:49:16.553+0000][gc,phases   ] GC(0)   Pre Evacuate Collection Set: 0.1ms
[2025-11-10T07:49:16.553+0000][gc,phases   ] GC(0)   Merge Heap Roots: 0.0ms
[2025-11-10T07:49:16.553+0000][gc,phases   ] GC(0)   Evacuate Collection Set: 3.8ms
[2025-11-10T07:49:16.553+0000][gc,phases   ] GC(0)   Post Evacuate Collection Set: 0.4ms
[2025-11-10T07:49:16.553+0000][gc,phases   ] GC(0)   Other: 0.5ms
[2025-11-10T07:49:16.553+0000][gc,heap     ] GC(0) Eden regions: 51->0(44)
[2025-11-10T07:49:16.553+0000][gc,heap     ] GC(0) Survivor regions: 0->7(7)
[2025-11-10T07:49:16.553+0000][gc,heap     ] GC(0) Old regions: 2->4
[2025-11-10T07:49:16.553+0000][gc,heap     ] GC(0) Humongous regions: 0->0
[2025-11-10T07:49:16.553+0000][gc,metaspace] GC(0) Metaspace: 17565K(17856K)->17565K(17856K) NonClass: 15598K(15744K)->15598K(15744K) Class: 1967K(2112K)->1967K(2112K)
[2025-11-10T07:49:16.553+0000][gc          ] GC(0) Pause Young (Normal) (G1 Evacuation Pause) 52M->9M(1024M) 4.955ms
[2025-11-10T07:49:16.553+0000][gc,cpu      ] GC(0) User=0.00s Sys=0.00s Real=0.00s
[2025-11-10T07:49:16.616+0000][gc,start    ] GC(1) Pause Young (Concurrent Start) (Metadata GC Threshold)
[2025-11-10T07:49:16.616+0000][gc,task     ] GC(1) Using 4 workers of 4 for evacuation
[2025-11-10T07:49:16.620+0000][gc,phases   ] GC(1)   Pre Evacuate Collection Set: 0.5ms
[2025-11-10T07:49:16.620+0000][gc,phases   ] GC(1)   Merge Heap Roots: 0.2ms
[2025-11-10T07:49:16.620+0000][gc,phases   ] GC(1)   Evacuate Collection Set: 3.1ms
[2025-11-10T07:49:16.620+0000][gc,phases   ] GC(1)   Post Evacuate Collection Set: 0.3ms
[2025-11-10T07:49:16.620+0000][gc,phases   ] GC(1)   Other: 0.3ms
[2025-11-10T07:49:16.620+0000][gc,heap     ] GC(1) Eden regions: 13->0(50)
[2025-11-10T07:49:16.620+0000][gc,heap     ] GC(1) Survivor regions: 7->1(7)
[2025-11-10T07:49:16.620+0000][gc,heap     ] GC(1) Old regions: 4->11
[2025-11-10T07:49:16.620+0000][gc,heap     ] GC(1) Humongous regions: 0->0
[2025-11-10T07:49:16.620+0000][gc,metaspace] GC(1) Metaspace: 21320K(21504K)->21320K(21504K) NonClass: 19111K(19200K)->19111K(19200K) Class: 2209K(2304K)->2209K(2304K)
[2025-11-10T07:49:16.620+0000][gc          ] GC(1) Pause Young (Concurrent Start) (Metadata GC Threshold) 22M->10M(1024M) 4.513ms
[2025-11-10T07:49:16.620+0000][gc,cpu      ] GC(1) User=0.01s Sys=0.00s Real=0.00s
[2025-11-10T07:49:16.620+0000][gc          ] GC(2) Concurrent Mark Cycle
[2025-11-10T07:49:16.620+0000][gc,marking  ] GC(2) Concurrent Scan Root Regions
[2025-11-10T07:49:16.622+0000][gc,marking  ] GC(2) Concurrent Scan Root Regions 1.829ms
[2025-11-10T07:49:16.622+0000][gc,marking  ] GC(2) Concurrent Mark
[2025-11-10T07:49:16.622+0000][gc,marking  ] GC(2) Concurrent Mark From Roots
[2025-11-10T07:49:16.622+0000][gc,task     ] GC(2) Using 1 workers of 1 for marking
[2025-11-10T07:49:16.624+0000][gc,marking  ] GC(2) Concurrent Mark From Roots 1.892ms
[2025-11-10T07:49:16.624+0000][gc,marking  ] GC(2) Concurrent Preclean
[2025-11-10T07:49:16.624+0000][gc,marking  ] GC(2) Concurrent Preclean 0.009ms
[2025-11-10T07:49:16.624+0000][gc,start    ] GC(2) Pause Remark
[2025-11-10T07:49:16.626+0000][gc          ] GC(2) Pause Remark 11M->11M(1024M) 1.400ms
[2025-11-10T07:49:16.626+0000][gc,cpu      ] GC(2) User=0.01s Sys=0.00s Real=0.00s
[2025-11-10T07:49:16.626+0000][gc,marking  ] GC(2) Concurrent Mark 3.579ms
[2025-11-10T07:49:16.626+0000][gc,marking  ] GC(2) Concurrent Rebuild Remembered Sets and Scrub Regions
[2025-11-10T07:49:16.628+0000][gc,marking  ] GC(2) Concurrent Rebuild Remembered Sets and Scrub Regions 2.618ms
[2025-11-10T07:49:16.628+0000][gc,start    ] GC(2) Pause Cleanup
[2025-11-10T07:49:16.628+0000][gc          ] GC(2) Pause Cleanup 11M->11M(1024M) 0.109ms
[2025-11-10T07:49:16.628+0000][gc,cpu      ] GC(2) User=0.00s Sys=0.00s Real=0.00s
[2025-11-10T07:49:16.628+0000][gc,marking  ] GC(2) Concurrent Clear Claimed Marks
[2025-11-10T07:49:16.629+0000][gc,marking  ] GC(2) Concurrent Clear Claimed Marks 0.014ms
[2025-11-10T07:49:16.629+0000][gc,marking  ] GC(2) Concurrent Cleanup for Next Mark
[2025-11-10T07:49:16.633+0000][gc,marking  ] GC(2) Concurrent Cleanup for Next Mark 4.795ms
[2025-11-10T07:49:16.633+0000][gc          ] GC(2) Concurrent Mark Cycle 13.116ms
[2025-11-10T07:49:16.957+0000][gc,start    ] GC(3) Pause Young (Prepare Mixed) (G1 Evacuation Pause)
[2025-11-10T07:49:16.957+0000][gc,task     ] GC(3) Using 4 workers of 4 for evacuation
[2025-11-10T07:49:16.960+0000][gc,phases   ] GC(3)   Pre Evacuate Collection Set: 0.1ms
[2025-11-10T07:49:16.960+0000][gc,phases   ] GC(3)   Merge Heap Roots: 0.0ms
[2025-11-10T07:49:16.960+0000][gc,phases   ] GC(3)   Evacuate Collection Set: 2.5ms
[2025-11-10T07:49:16.960+0000][gc,phases   ] GC(3)   Post Evacuate Collection Set: 0.2ms
[2025-11-10T07:49:16.960+0000][gc,phases   ] GC(3)   Other: 0.0ms
[2025-11-10T07:49:16.960+0000][gc,heap     ] GC(3) Eden regions: 50->0(47)
[2025-11-10T07:49:16.960+0000][gc,heap     ] GC(3) Survivor regions: 1->4(7)
[2025-11-10T07:49:16.960+0000][gc,heap     ] GC(3) Old regions: 11->11
[2025-11-10T07:49:16.960+0000][gc,heap     ] GC(3) Humongous regions: 9->9
[2025-11-10T07:49:16.960+0000][gc,metaspace] GC(3) Metaspace: 32984K(33280K)->32984K(33280K) NonClass: 29324K(29504K)->29324K(29504K) Class: 3660K(3776K)->3660K(3776K)
[2025-11-10T07:49:16.960+0000][gc          ] GC(3) Pause Young (Prepare Mixed) (G1 Evacuation Pause) 69M->22M(1024M) 2.993ms
[2025-11-10T07:49:16.960+0000][gc,cpu      ] GC(3) User=0.01s Sys=0.00s Real=0.00s
[2025-11-10T07:49:17.054+0000][gc,start    ] GC(4) Pause Young (Mixed) (Metadata GC Threshold)
[2025-11-10T07:49:17.054+0000][gc,task     ] GC(4) Using 4 workers of 4 for evacuation
[2025-11-10T07:49:17.060+0000][gc,phases   ] GC(4)   Pre Evacuate Collection Set: 0.1ms
[2025-11-10T07:49:17.060+0000][gc,phases   ] GC(4)   Merge Heap Roots: 0.0ms
[2025-11-10T07:49:17.060+0000][gc,phases   ] GC(4)   Evacuate Collection Set: 6.1ms
[2025-11-10T07:49:17.060+0000][gc,phases   ] GC(4)   Post Evacuate Collection Set: 0.3ms
[2025-11-10T07:49:17.060+0000][gc,phases   ] GC(4)   Other: 0.0ms
[2025-11-10T07:49:17.060+0000][gc,heap     ] GC(4) Eden regions: 20->0(44)
[2025-11-10T07:49:17.060+0000][gc,heap     ] GC(4) Survivor regions: 4->7(7)
[2025-11-10T07:49:17.060+0000][gc,heap     ] GC(4) Old regions: 11->11
[2025-11-10T07:49:17.060+0000][gc,heap     ] GC(4) Humongous regions: 9->9
[2025-11-10T07:49:17.060+0000][gc,metaspace] GC(4) Metaspace: 35716K(36096K)->35716K(36096K) NonClass: 31742K(31936K)->31742K(31936K) Class: 3974K(4160K)->3974K(4160K)
[2025-11-10T07:49:17.060+0000][gc          ] GC(4) Pause Young (Mixed) (Metadata GC Threshold) 42M->25M(1024M) 6.679ms
[2025-11-10T07:49:17.060+0000][gc,cpu      ] GC(4) User=0.01s Sys=0.00s Real=0.01s
[2025-11-10T07:49:17.069+0000][gc,start    ] GC(5) Pause Young (Concurrent Start) (Metadata GC Threshold)
[2025-11-10T07:49:17.069+0000][gc,task     ] GC(5) Using 4 workers of 4 for evacuation
[2025-11-10T07:49:17.074+0000][gc,phases   ] GC(5)   Pre Evacuate Collection Set: 0.1ms
[2025-11-10T07:49:17.074+0000][gc,phases   ] GC(5)   Merge Heap Roots: 0.0ms
[2025-11-10T07:49:17.074+0000][gc,phases   ] GC(5)   Evacuate Collection Set: 4.1ms
[2025-11-10T07:49:17.074+0000][gc,phases   ] GC(5)   Post Evacuate Collection Set: 0.2ms
[2025-11-10T07:49:17.074+0000][gc,phases   ] GC(5)   Other: 0.0ms
[2025-11-10T07:49:17.074+0000][gc,heap     ] GC(5) Eden regions: 2->0(47)
[2025-11-10T07:49:17.074+0000][gc,heap     ] GC(5) Survivor regions: 7->4(7)
[2025-11-10T07:49:17.074+0000][gc,heap     ] GC(5) Old regions: 11->14
[2025-11-10T07:49:17.074+0000][gc,heap     ] GC(5) Humongous regions: 9->9
[2025-11-10T07:49:17.074+0000][gc,metaspace] GC(5) Metaspace: 36053K(36416K)->36053K(36416K) NonClass: 32064K(32256K)->32064K(32256K) Class: 3989K(4160K)->3989K(4160K)
[2025-11-10T07:49:17.074+0000][gc          ] GC(5) Pause Young (Concurrent Start) (Metadata GC Threshold) 27M->26M(1024M) 4.478ms
[2025-11-10T07:49:17.074+0000][gc,cpu      ] GC(5) User=0.00s Sys=0.01s Real=0.00s
[2025-11-10T07:49:17.074+0000][gc          ] GC(6) Concurrent Mark Cycle
[2025-11-10T07:49:17.074+0000][gc,marking  ] GC(6) Concurrent Scan Root Regions
[2025-11-10T07:49:17.076+0000][gc,marking  ] GC(6) Concurrent Scan Root Regions 2.681ms
[2025-11-10T07:49:17.076+0000][gc,marking  ] GC(6) Concurrent Mark
[2025-11-10T07:49:17.076+0000][gc,marking  ] GC(6) Concurrent Mark From Roots
[2025-11-10T07:49:17.076+0000][gc,task     ] GC(6) Using 1 workers of 1 for marking
[2025-11-10T07:49:17.082+0000][gc,marking  ] GC(6) Concurrent Mark From Roots 5.978ms
[2025-11-10T07:49:17.082+0000][gc,marking  ] GC(6) Concurrent Preclean
[2025-11-10T07:49:17.082+0000][gc,marking  ] GC(6) Concurrent Preclean 0.033ms
[2025-11-10T07:49:17.082+0000][gc,start    ] GC(6) Pause Remark
[2025-11-10T07:49:17.084+0000][gc          ] GC(6) Pause Remark 27M->27M(1024M) 1.401ms
[2025-11-10T07:49:17.084+0000][gc,cpu      ] GC(6) User=0.00s Sys=0.00s Real=0.00s
[2025-11-10T07:49:17.084+0000][gc,marking  ] GC(6) Concurrent Mark 7.571ms
[2025-11-10T07:49:17.084+0000][gc,marking  ] GC(6) Concurrent Rebuild Remembered Sets and Scrub Regions
[2025-11-10T07:49:17.089+0000][gc,marking  ] GC(6) Concurrent Rebuild Remembered Sets and Scrub Regions 5.291ms
[2025-11-10T07:49:17.089+0000][gc,start    ] GC(6) Pause Cleanup
[2025-11-10T07:49:17.089+0000][gc          ] GC(6) Pause Cleanup 28M->28M(1024M) 0.093ms
[2025-11-10T07:49:17.089+0000][gc,cpu      ] GC(6) User=0.00s Sys=0.00s Real=0.00s
[2025-11-10T07:49:17.089+0000][gc,marking  ] GC(6) Concurrent Clear Claimed Marks
[2025-11-10T07:49:17.089+0000][gc,marking  ] GC(6) Concurrent Clear Claimed Marks 0.032ms
[2025-11-10T07:49:17.089+0000][gc,marking  ] GC(6) Concurrent Cleanup for Next Mark
[2025-11-10T07:49:17.091+0000][gc,marking  ] GC(6) Concurrent Cleanup for Next Mark 1.065ms
[2025-11-10T07:49:17.091+0000][gc          ] GC(6) Concurrent Mark Cycle 16.992ms
[2025-11-10T07:56:29.542+0000][gc,start    ] GC(7) Pause Young (Prepare Mixed) (G1 Evacuation Pause)
[2025-11-10T07:56:29.542+0000][gc,task     ] GC(7) Using 4 workers of 4 for evacuation
[2025-11-10T07:56:29.556+0000][gc,phases   ] GC(7)   Pre Evacuate Collection Set: 2.2ms
[2025-11-10T07:56:29.556+0000][gc,phases   ] GC(7)   Merge Heap Roots: 0.5ms
[2025-11-10T07:56:29.556+0000][gc,phases   ] GC(7)   Evacuate Collection Set: 9.5ms
[2025-11-10T07:56:29.556+0000][gc,phases   ] GC(7)   Post Evacuate Collection Set: 1.5ms
[2025-11-10T07:56:29.556+0000][gc,phases   ] GC(7)   Other: 0.1ms
[2025-11-10T07:56:29.556+0000][gc,heap     ] GC(7) Eden regions: 47->0(45)
[2025-11-10T07:56:29.556+0000][gc,heap     ] GC(7) Survivor regions: 4->6(7)
[2025-11-10T07:56:29.556+0000][gc,heap     ] GC(7) Old regions: 14->14
[2025-11-10T07:56:29.556+0000][gc,heap     ] GC(7) Humongous regions: 138->138
[2025-11-10T07:56:29.556+0000][gc,metaspace] GC(7) Metaspace: 40806K(41280K)->40806K(41280K) NonClass: 36415K(36672K)->36415K(36672K) Class: 4391K(4608K)->4391K(4608K)
[2025-11-10T07:56:29.556+0000][gc          ] GC(7) Pause Young (Prepare Mixed) (G1 Evacuation Pause) 202M->156M(1024M) 14.081ms
[2025-11-10T07:56:29.556+0000][gc,cpu      ] GC(7) User=0.05s Sys=0.00s Real=0.02s
[2025-11-10T08:07:43.746+0000][gc,start    ] GC(8) Pause Young (Mixed) (G1 Evacuation Pause)
[2025-11-10T08:07:43.746+0000][gc,task     ] GC(8) Using 4 workers of 4 for evacuation
[2025-11-10T08:07:43.757+0000][gc,phases   ] GC(8)   Pre Evacuate Collection Set: 1.9ms
[2025-11-10T08:07:43.757+0000][gc,phases   ] GC(8)   Merge Heap Roots: 0.2ms
[2025-11-10T08:07:43.757+0000][gc,phases   ] GC(8)   Evacuate Collection Set: 7.3ms
[2025-11-10T08:07:43.757+0000][gc,phases   ] GC(8)   Post Evacuate Collection Set: 1.4ms
[2025-11-10T08:07:43.757+0000][gc,phases   ] GC(8)   Other: 0.1ms
[2025-11-10T08:07:43.757+0000][gc,heap     ] GC(8) Eden regions: 45->0(47)
[2025-11-10T08:07:43.757+0000][gc,heap     ] GC(8) Survivor regions: 6->4(7)
[2025-11-10T08:07:43.757+0000][gc,heap     ] GC(8) Old regions: 14->17
[2025-11-10T08:07:43.757+0000][gc,heap     ] GC(8) Humongous regions: 138->138
[2025-11-10T08:07:43.757+0000][gc,metaspace] GC(8) Metaspace: 41202K(41600K)->41202K(41600K) NonClass: 36809K(36992K)->36809K(36992K) Class: 4392K(4608K)->4392K(4608K)
[2025-11-10T08:07:43.757+0000][gc          ] GC(8) Pause Young (Mixed) (G1 Evacuation Pause) 201M->157M(1024M) 10.983ms
[2025-11-10T08:07:43.757+0000][gc,cpu      ] GC(8) User=0.03s Sys=0.00s Real=0.02s
